<html>
<body>
<pre>
<h1>礦ision Build Log</h1>
<h2>Tool Versions:</h2>
IDE-Version: μVision V5.14.0.0
Copyright (C) 2015 ARM Ltd and ARM Germany GmbH. All rights reserved.
License Information: yang yang, qqqqq, LIC=QF82M-X6II9-WFRI7-EP5XW-88HH1-D3FPH
 
Tool Versions:
Toolchain:       MDK-ARM Standard  Version: 5.14.0.0
Toolchain Path:  E:\MDK5\ARM\ARMCC\Bin
C Compiler:      Armcc.exe V5.05 update 1 (build 106)
Assembler:       Armasm.exe V5.05 update 1 (build 106)
Linker/Locator:  ArmLink.exe V5.05 update 1 (build 106)
Library Manager: ArmAr.exe V5.05 update 1 (build 106)
Hex Converter:   FromElf.exe V5.05 update 1 (build 106)
CPU DLL:         SARMCM3.DLL V5.14.0.0
Dialog DLL:      DARMSTM.DLL V1.65.0.0
Target DLL:      STLink\ST-LINKIII-KEIL_SWO.dll V2.0.14.0_KEIL
Dialog DLL:      TARMSTM.DLL V1.64.0.0
 
<h2>Project:</h2>
G:\上频电子\涂鸦\graffiti-flowerpot\bootload_stm32\Project\MDK-ARM\BootLoad_STM32.uvprojx
Project File Date:  04/12/2021

<h2>Output:</h2>
Rebuild target 'BootLoad_STM32'
compiling system_stm32f10x.c...
compiling core_cm3.c...
assembling startup_stm32f10x_md.s...
compiling misc.c...
compiling stm32f10x_flash.c...
compiling stm32f10x_exti.c...
compiling stm32f10x_gpio.c...
compiling stm32f10x_rcc.c...
compiling stm32f10x_usart.c...
compiling Main.c...
..\..\User\Main.c(235): warning:  #951-D: return type of function "main" must be "int"
  void main (void)
..\..\User\Main.c: 1 warning, 0 errors
compiling stm32f10x_it.c...
compiling User_Flash.c...
linking...
Program Size: Code=6568 RO-data=268 RW-data=40 ZI-data=3072  
FromELF: creating hex file...
After Build - User command #1: fromelf.exe --bin -o "G:\上频电子\涂鸦\graffiti-flowerpot\bootload_stm32\Project\MDK-ARM\obj\BootLoad_STM32.bin" "G:\上频电子\涂鸦\graffiti-flowerpot\bootload_stm32\Project\MDK-ARM\obj\BootLoad_STM32.axf"
".\obj\BootLoad_STM32.axf" - 0 Error(s), 1 Warning(s).

<h2>Collection of Component include folders:</h2>
  G:\上频电子\涂鸦\graffiti-flowerpot\bootload_stm32\Project\MDK-ARM\RTE
  E:\MDK5\ARM\PACK\Keil\STM32F1xx_DFP\1.0.5\Device\Include

<h2>Collection of Component Files used:</h2>
</pre>
</body>
</html>
